<html>
  <body>
    <main>
      <section style="display:flex;gap:24px;">
        <div><h2>Create account</h2></div>
        <form>
          <input type="email" placeholder="Email"/>
          <input type="password" placeholder="Password"/>
          <button>Create account</button>
          <hr/>
          <button>Continue with Google</button>
          <button>Continue with GitHub</button>
        </form>
      </section>
    </main>
  </body>
</html>
